------------------------------------------------------------
Timing Analyzer Summary
------------------------------------------------------------

Type  : Slow 1100mV 85C Model Setup 'CLK'
Slack : -1.133
TNS   : -9.660

Type  : Slow 1100mV 85C Model Hold 'CLK'
Slack : 0.526
TNS   : 0.000

Type  : Slow 1100mV 85C Model Minimum Pulse Width 'CLK'
Slack : -0.724
TNS   : -11.127

Type  : Slow 1100mV 0C Model Setup 'CLK'
Slack : -1.007
TNS   : -8.599

Type  : Slow 1100mV 0C Model Hold 'CLK'
Slack : 0.539
TNS   : 0.000

Type  : Slow 1100mV 0C Model Minimum Pulse Width 'CLK'
Slack : -0.724
TNS   : -11.126

Type  : Fast 1100mV 85C Model Setup 'CLK'
Slack : 0.232
TNS   : 0.000

Type  : Fast 1100mV 85C Model Hold 'CLK'
Slack : 0.243
TNS   : 0.000

Type  : Fast 1100mV 85C Model Minimum Pulse Width 'CLK'
Slack : -0.090
TNS   : -0.890

Type  : Fast 1100mV 0C Model Setup 'CLK'
Slack : 0.302
TNS   : 0.000

Type  : Fast 1100mV 0C Model Hold 'CLK'
Slack : 0.229
TNS   : 0.000

Type  : Fast 1100mV 0C Model Minimum Pulse Width 'CLK'
Slack : -0.088
TNS   : -0.865

------------------------------------------------------------
