------------------------------------------------------------
Timing Analyzer Summary
------------------------------------------------------------

Type  : Slow 1100mV 85C Model Setup 'CLK'
Slack : -3.452
TNS   : -30.922

Type  : Slow 1100mV 85C Model Hold 'CLK'
Slack : 0.560
TNS   : 0.000

Type  : Slow 1100mV 85C Model Minimum Pulse Width 'CLK'
Slack : -0.724
TNS   : -32.096

Type  : Slow 1100mV 0C Model Setup 'CLK'
Slack : -3.798
TNS   : -32.514

Type  : Slow 1100mV 0C Model Hold 'CLK'
Slack : 0.586
TNS   : 0.000

Type  : Slow 1100mV 0C Model Minimum Pulse Width 'CLK'
Slack : -0.724
TNS   : -33.012

Type  : Fast 1100mV 85C Model Setup 'CLK'
Slack : -1.315
TNS   : -9.743

Type  : Fast 1100mV 85C Model Hold 'CLK'
Slack : 0.248
TNS   : 0.000

Type  : Fast 1100mV 85C Model Minimum Pulse Width 'CLK'
Slack : -0.366
TNS   : -5.135

Type  : Fast 1100mV 0C Model Setup 'CLK'
Slack : -1.192
TNS   : -8.464

Type  : Fast 1100mV 0C Model Hold 'CLK'
Slack : 0.224
TNS   : 0.000

Type  : Fast 1100mV 0C Model Minimum Pulse Width 'CLK'
Slack : -0.359
TNS   : -5.056

------------------------------------------------------------
