#-----------------------------------------------------------
# Vivado v2020.1 (64-bit)
# SW Build 2902540 on Wed May 27 19:54:49 MDT 2020
# IP Build 2902112 on Wed May 27 22:43:36 MDT 2020
# Start of session at: Mon Oct 14 22:19:27 2024
# Process ID: 4300
# Current directory: C:/Users/rnjsa/Desktop/PusanNU2024/semester 2/LogicCircuitDesignAndExperimentation/FPGAKeypadBinaryShiftRegisterLEDVivado/FPGAKeypadBinaryShiftRegisterLEDVivado.runs/impl_1
# Command line: vivado.exe -log FPGAKeypadBinaryShiftRegisterLED.vdi -applog -product Vivado -messageDb vivado.pb -mode batch -source FPGAKeypadBinaryShiftRegisterLED.tcl -notrace
# Log file: C:/Users/rnjsa/Desktop/PusanNU2024/semester 2/LogicCircuitDesignAndExperimentation/FPGAKeypadBinaryShiftRegisterLEDVivado/FPGAKeypadBinaryShiftRegisterLEDVivado.runs/impl_1/FPGAKeypadBinaryShiftRegisterLED.vdi
# Journal file: C:/Users/rnjsa/Desktop/PusanNU2024/semester 2/LogicCircuitDesignAndExperimentation/FPGAKeypadBinaryShiftRegisterLEDVivado/FPGAKeypadBinaryShiftRegisterLEDVivado.runs/impl_1\vivado.jou
#-----------------------------------------------------------
source FPGAKeypadBinaryShiftRegisterLED.tcl -notrace
